../Core/Src/main.c:930:6:StartDefaultTask	8	static
../Core/Src/main.c:1010:6:StartButton	8	static
../Core/Src/main.c:181:10:lookup	16	static
../Core/Src/main.c:199:6:clear_indicator_leds	8	static
../Core/Src/main.c:210:6:DisplayLevel	16	static
../Core/Src/main.c:286:6:set_indicator_leds_blink	8	static
../Core/Src/main.c:951:6:StartLED	16	static
../Core/Src/main.c:342:6:UnlockEeprom	0	static
../Core/Src/main.c:378:6:EepromProgram	0	static,ignoring_inline_asm
../Core/Src/main.c:397:6:LockEeprom	0	static
../Core/Src/main.c:416:6:Write_Registers_to_Eeprom	8	static,ignoring_inline_asm
../Core/Src/main.c:434:6:Write16	32	static
../Core/Src/main.c:442:6:ResetINA	32	static
../Core/Src/main.c:451:10:Read16	32	static
../Core/Src/main.c:460:10:INA219_ReadBusVoltage	8	static
../Core/Src/main.c:475:10:INA219_ReadShuntVolage	8	static
../Core/Src/main.c:496:6:Check_INA	8	static
../Core/Src/main.c:1033:6:StartINA220	8	static
../Core/Src/main.c:604:6:SystemClock_Config	104	static,ignoring_inline_asm
../Core/Src/main.c:512:5:main	144	static,ignoring_inline_asm
../Core/Src/main.c:877:6:HAL_TIM_PeriodElapsedCallback	128	static
../Core/Src/main.c:1051:6:Error_Handler	0	static,ignoring_inline_asm
